
Allocating common symbols
Common symbol       size              file

netbufpool          0x4               binaries/net.o
readylist           0x2               binaries/ready.o
rfltab              0x5a0             binaries/rflinit.o
netportseed         0x8               binaries/net.o
sleepq              0x2               binaries/clkinit.o
nnames              0x4               binaries/naminit.o
udptab              0x168             binaries/udp.o
minheap             0x4               binaries/meminit.o
marks               0x50              binaries/mark.o
currpid             0x4               binaries/initialize.o
Lf_data             0x20c             binaries/lfsinit.o
porttab             0x2d0             binaries/ptinit.o
girmask             0x2               binaries/evec.o
ttytab              0x110             binaries/ttyinit.o
proctab             0x1900            binaries/initialize.o
prcount             0x4               binaries/initialize.o
lfltab              0xf00             binaries/lflinit.o
rdstab              0x8c              binaries/rdsinit.o
ethertab            0x138             binaries/ethinit.o
NetData             0xb0              binaries/net.o
nmarks              0x4               binaries/mark.o
Defer               0x8               binaries/resched.o
semtab              0x4b0             binaries/initialize.o
maxheap             0x4               binaries/meminit.o
preempt             0x4               binaries/clkinit.o
buftab              0xf0              binaries/bufinit.o
Rf_data             0x18              binaries/rfsinit.o
mkmutex             0x4               binaries/mark.o
clktime             0x4               binaries/clkinit.o
arpcache            0x140             binaries/arp.o
icmptab             0x230             binaries/icmp.o
nbpools             0x4               binaries/bufinit.o
queuetab            0x980             binaries/queue.o
ptnextid            0x4               binaries/ptinit.o
Ram                 0x19000           binaries/raminit.o
ipoqueue            0x2c              binaries/ip.o
memlist             0x8               binaries/initialize.o
nametab             0x19a0            binaries/naminit.o
ptfree              0x4               binaries/ptinit.o

Memory Configuration

Name             Origin             Length             Attributes
*default*        0x0000000000000000 0xffffffffffffffff

Linker script and memory map

                0x0000000000100000                physbase = 0x100000
                0x0000000000100000                . = physbase
                0x0000000000100000                . = ALIGN (0x1000)

.text           0x0000000000100000    0x1a000
                0x0000000000100000                text = ABSOLUTE (.)
 *(.text .text.*)
 .text          0x0000000000100000      0x1b4 binaries/start.o
                0x0000000000100024                start
                0x00000000001000f6                inb
                0x00000000001000fe                inw
                0x0000000000100107                inl
                0x000000000010010f                outb
                0x0000000000100119                outw
                0x0000000000100124                outl
                0x000000000010012e                _rtcin
                0x0000000000100139                ___udivsi3
                0x0000000000100144                ___divsi3
                0x0000000000100150                sbzero
                0x0000000000100160                insw
                0x0000000000100176                outsw
                0x000000000010018c                bcopy
                0x00000000001001a0                lidt
                0x00000000001001a8                cpuid
 .text          0x00000000001001b4      0x405 binaries/ascdate.o
                0x00000000001001b4                ascdate
 .text          0x00000000001005b9       0x14 binaries/bufinit.o
                0x00000000001005b9                bufinit
 .text          0x00000000001005cd       0x79 binaries/chprio.o
                0x00000000001005cd                chprio
 .text          0x0000000000100646       0xdc binaries/clkhandler.o
                0x0000000000100646                clkhandler
 .text          0x0000000000100722       0x9d binaries/clkinit.o
                0x0000000000100722                clkinit
 .text          0x00000000001007bf       0x6a binaries/close.o
                0x00000000001007bf                close
 .text          0x0000000000100829        0x0 binaries/conf.o
 .text          0x0000000000100829       0x7f binaries/control.o
                0x0000000000100829                control
 .text          0x00000000001008a8      0x5a1 binaries/create.o
                0x00000000001008a8                create
                0x0000000000100b5c                create2
                0x0000000000100dbb                myfunc
                0x0000000000100ddb                mybigloop
                0x0000000000100e12                mysmallloop
 .text          0x0000000000100e49      0x35f binaries/early_imr.o
                0x0000000000100e49                intel_cln_early_sb_read_reg
                0x0000000000100ecd                intel_cln_early_sb_write_reg
                0x00000000001010e5                remove_irm_protections
 .text          0x00000000001011a8      0x467 binaries/evec.o
                0x00000000001011a8                initevec
                0x00000000001012c6                set_evec
                0x0000000000101368                setirmask
                0x00000000001013c2                trap
 .text          0x000000000010160f       0x15 binaries/exit.o
                0x000000000010160f                exit
 .text          0x0000000000101624       0x82 binaries/freebuf.o
                0x0000000000101624                freebuf
 .text          0x00000000001016a6      0x167 binaries/freemem.o
                0x00000000001016a6                freemem
 .text          0x000000000010180d       0x80 binaries/getbuf.o
                0x000000000010180d                getbuf
 .text          0x000000000010188d       0x6a binaries/getc.o
                0x000000000010188d                getc
 .text          0x00000000001018f7       0x72 binaries/getdev.o
                0x00000000001018f7                getdev
 .text          0x0000000000101969       0xc8 binaries/getitem.o
                0x0000000000101969                getfirst
                0x00000000001019aa                getlast
                0x00000000001019ed                getitem
 .text          0x0000000000101a31       0xfb binaries/getmem.o
                0x0000000000101a31                getmem
 .text          0x0000000000101b2c        0xa binaries/getpid.o
                0x0000000000101b2c                getpid
 .text          0x0000000000101b36       0x61 binaries/getprio.o
                0x0000000000101b36                getprio
 .text          0x0000000000101b97       0xf2 binaries/getstk.o
                0x0000000000101b97                getstk
 .text          0x0000000000101c89       0x16 binaries/getticks.o
                0x0000000000101c89                getticks
 .text          0x0000000000101c9f       0x36 binaries/gettime.o
                0x0000000000101c9f                gettime
 .text          0x0000000000101cd5      0x1e5 binaries/getutime.o
                0x0000000000101cd5                getutime
 .text          0x0000000000101eba       0x28 binaries/greaterfirst1.o
                0x0000000000101eba                greaterfirst1
 .text          0x0000000000101ee2       0x19 binaries/greaterfirst.o
                0x0000000000101ee2                greaterfirst
 .text          0x0000000000101efb       0x2a binaries/grestaerfirst2.o
                0x0000000000101efb                greaterfirst2
 .text          0x0000000000101f25       0x6a binaries/init.o
                0x0000000000101f25                init
 .text          0x0000000000101f8f      0x350 binaries/initialize.o
                0x0000000000101f8f                nulluser
                0x000000000010228a                stop
                0x00000000001022b1                delay
 .text          0x00000000001022df       0xd3 binaries/insert.o
                0x00000000001022df                insert
 .text          0x00000000001023b2      0x105 binaries/insertd.o
                0x00000000001023b2                insertd
 .text          0x00000000001024b7        0xa binaries/ioerr.o
                0x00000000001024b7                ioerr
 .text          0x00000000001024c1        0xa binaries/ionull.o
                0x00000000001024c1                ionull
 .text          0x00000000001024cb      0x174 binaries/kill.o
                0x00000000001024cb                kill
 .text          0x000000000010263f      0x12f binaries/kprintf.o
                0x000000000010263f                kputc
                0x00000000001026c4                kgetc
                0x0000000000102741                kprintf
 .text          0x000000000010276e       0x64 binaries/lifetime.o
                0x000000000010276e                lifetime
 .text          0x00000000001027d2       0x2f binaries/main.o
                0x00000000001027d2                main
 .text          0x0000000000102801       0xac binaries/mark.o
                0x0000000000102801                markinit
                0x0000000000102824                mark
 .text          0x00000000001028ad      0x2ca binaries/meminit.o
                0x00000000001028ad                meminit
                0x0000000000102acf                setsegs
 .text          0x0000000000102b77      0x15f binaries/mkbufpool.o
                0x0000000000102b77                mkbufpool
 .text          0x0000000000102cd6       0x41 binaries/myhellow.o
                0x0000000000102cd6                myhellow
 .text          0x0000000000102d17       0x94 binaries/newqueue.o
                0x0000000000102d17                newqueue
 .text          0x0000000000102dab       0x78 binaries/open.o
                0x0000000000102dab                open
 .text          0x0000000000102e23       0x20 binaries/panic.o
                0x0000000000102e23                panic
 .text          0x0000000000102e43      0x48b binaries/pci.o
                0x0000000000102e43                pci_init
                0x0000000000102ecd                find_pci_device
                0x0000000000102fcc                pci_read_config_byte
                0x0000000000103038                pci_read_config_word
                0x00000000001030a6                pci_read_config_dword
                0x0000000000103112                pci_write_config_byte
                0x0000000000103182                pci_write_config_word
                0x00000000001031f4                pci_write_config_dword
                0x000000000010325e                pci_get_dev_mmio_base_addr
 .text          0x00000000001032ce       0xdd binaries/platinit.o
                0x00000000001032ce                cpu_is_quark
                0x00000000001032eb                console_init
                0x000000000010333e                platinit
 .text          0x00000000001033ab       0xe6 binaries/ptclear.o
                0x00000000001033ab                _ptclear
 .text          0x0000000000103491       0x8f binaries/ptcount.o
                0x0000000000103491                ptcount
 .text          0x0000000000103520      0x105 binaries/ptcreate.o
                0x0000000000103520                ptcreate
 .text          0x0000000000103625       0x80 binaries/ptdelete.o
                0x0000000000103625                ptdelete
 .text          0x00000000001036a5       0xb7 binaries/ptinit.o
                0x00000000001036a5                ptinit
 .text          0x000000000010375c      0x10a binaries/ptrecv.o
                0x000000000010375c                ptrecv
 .text          0x0000000000103866       0x78 binaries/ptreset.o
                0x0000000000103866                ptreset
 .text          0x00000000001038de      0x128 binaries/ptsend.o
                0x00000000001038de                ptsend
 .text          0x0000000000103a06       0x78 binaries/putc.o
                0x0000000000103a06                putc
 .text          0x0000000000103a7e       0xdf binaries/quark_irq.o
                0x0000000000103a7e                quark_irq_routing
 .text          0x0000000000103b5d      0x206 binaries/quark_pdat.o
                0x0000000000103b5d                get_quark_pdat_entry_data_by_id
                0x0000000000103c59                get_quark_pdat_entry_data_by_desc
 .text          0x0000000000103d63      0x102 binaries/queue.o
                0x0000000000103d63                enqueue
                0x0000000000103dfc                dequeue
 .text          0x0000000000103e65       0x78 binaries/read.o
                0x0000000000103e65                read
 .text          0x0000000000103edd       0x6e binaries/ready.o
                0x0000000000103edd                ready
 .text          0x0000000000103f4b       0x55 binaries/receive.o
                0x0000000000103f4b                receive
 .text          0x0000000000103fa0       0x51 binaries/recvclr.o
                0x0000000000103fa0                recvclr
 .text          0x0000000000103ff1       0xb0 binaries/recvtime.o
                0x0000000000103ff1                recvtime
 .text          0x00000000001040a1      0x152 binaries/resched.o
                0x00000000001040a1                resched
                0x000000000010417e                resched_cntl
 .text          0x00000000001041f3       0x90 binaries/resume.o
                0x00000000001041f3                resume
 .text          0x0000000000104283       0x71 binaries/seek.o
                0x0000000000104283                seek
 .text          0x00000000001042f4       0x69 binaries/semcount.o
                0x00000000001042f4                semcount
 .text          0x000000000010435d       0xcf binaries/semcreate.o
                0x000000000010435d                semcreate
 .text          0x000000000010442c       0xba binaries/semdelete.o
                0x000000000010442c                semdelete
 .text          0x00000000001044e6       0xbc binaries/semreset.o
                0x00000000001044e6                semreset
 .text          0x00000000001045a2       0xc6 binaries/send.o
                0x00000000001045a2                send
 .text          0x0000000000104668       0x97 binaries/signal.o
                0x0000000000104668                signal
 .text          0x00000000001046ff       0xc3 binaries/signaln.o
                0x00000000001046ff                signaln
 .text          0x00000000001047c2       0xd8 binaries/sleep.o
                0x00000000001047c2                sleep
                0x000000000010480c                sleepms
 .text          0x000000000010489a      0x1af binaries/stacktrace.o
                0x000000000010489a                stacktrace
 .text          0x0000000000104a49       0xc3 binaries/suspend.o
                0x0000000000104a49                suspend
 .text          0x0000000000104b0c       0xc8 binaries/unsleep.o
                0x0000000000104b0c                unsleep
 .text          0x0000000000104bd4       0x15 binaries/userret.o
                0x0000000000104bd4                userret
 .text          0x0000000000104be9       0xc9 binaries/wait.o
                0x0000000000104be9                wait
 .text          0x0000000000104cb2       0x68 binaries/wakeup.o
                0x0000000000104cb2                wakeup
 .text          0x0000000000104d1a       0x78 binaries/write.o
                0x0000000000104d1a                write
 .text          0x0000000000104d92       0x19 binaries/xdone.o
                0x0000000000104d92                xdone
 .text          0x0000000000104dab       0x25 binaries/yield.o
                0x0000000000104dab                yield
 .text          0x0000000000104dd0       0x11 binaries/abs.o
                0x0000000000104dd0                abs
 .text          0x0000000000104de1       0x8f binaries/atoi.o
                0x0000000000104de1                atoi
 .text          0x0000000000104e70       0x8f binaries/atol.o
                0x0000000000104e70                atol
 .text          0x0000000000104eff       0x31 binaries/bzero.o
                0x0000000000104eff                bzero
 .text          0x0000000000104f30        0x0 binaries/ctype_.o
 .text          0x0000000000104f30      0x8f8 binaries/doprnt.o
                0x0000000000104f30                _doprnt
 .text          0x0000000000105828      0x6a2 binaries/doscan.o
                0x0000000000105828                _doscan
 .text          0x0000000000105eca      0x723 binaries/fdoprnt.o
                0x0000000000105eca                _fdoprnt
 .text          0x00000000001065ed       0x26 binaries/fgetc.o
                0x00000000001065ed                fgetc
 .text          0x0000000000106613       0x72 binaries/fgets.o
                0x0000000000106613                fgets
 .text          0x0000000000106685       0x34 binaries/fprintf.o
                0x0000000000106685                fprintf
 .text          0x00000000001066b9       0x2c binaries/fputc.o
                0x00000000001066b9                fputc
 .text          0x00000000001066e5       0x43 binaries/fputs.o
                0x00000000001066e5                fputs
 .text          0x0000000000106728       0x92 binaries/fscanf.o
                0x0000000000106728                fscanf
 .text          0x00000000001067ba       0x22 binaries/getchar.o
                0x00000000001067ba                getchar
 .text          0x00000000001067dc       0x11 binaries/labs.o
                0x00000000001067dc                labs
 .text          0x00000000001067ed        0x0 binaries/memchr.o
 .text          0x00000000001067ed       0x51 binaries/memcmp.o
                0x00000000001067ed                memcmp
 .text          0x000000000010683e       0x3f binaries/memcpy.o
                0x000000000010683e                memcpy
 .text          0x000000000010687d       0x30 binaries/memset.o
                0x000000000010687d                memset
 .text          0x00000000001068ad       0x45 binaries/printf.o
                0x00000000001068ad                printf
 .text          0x00000000001068f2       0x29 binaries/putchar.o
                0x00000000001068f2                putchar
 .text          0x000000000010691b      0x28c binaries/qsort.o
                0x000000000010691b                qsort
 .text          0x0000000000106ba7       0x5f binaries/rand.o
                0x0000000000106ba7                rand
                0x0000000000106bbb                rand_r
                0x0000000000106bf9                srand
 .text          0x0000000000106c06       0x6f binaries/sprintf.o
                0x0000000000106c06                sprintf
 .text          0x0000000000106c75       0x7f binaries/sscanf.o
                0x0000000000106c75                sscanf
 .text          0x0000000000106cf4       0x3c binaries/strchr.o
                0x0000000000106cf4                strchr
 .text          0x0000000000106d30       0x45 binaries/strcmp.o
                0x0000000000106d30                strcmp
 .text          0x0000000000106d75       0x27 binaries/strcpy.o
                0x0000000000106d75                strcpy
 .text          0x0000000000106d9c       0x26 binaries/strlen.o
                0x0000000000106d9c                strlen
 .text          0x0000000000106dc2       0x56 binaries/strncat.o
                0x0000000000106dc2                strncat
 .text          0x0000000000106e18       0x5e binaries/strncmp.o
                0x0000000000106e18                strncmp
 .text          0x0000000000106e76       0x4f binaries/strncpy.o
                0x0000000000106e76                strncpy
 .text          0x0000000000106ec5       0x2e binaries/strnlen.o
                0x0000000000106ec5                strnlen
 .text          0x0000000000106ef3       0x45 binaries/strrchr.o
                0x0000000000106ef3                strrchr
 .text          0x0000000000106f38       0x6d binaries/strstr.o
                0x0000000000106f38                strstr
 .text          0x0000000000106fa5       0xd8 binaries/ttycontrol.o
                0x0000000000106fa5                ttycontrol
 .text          0x000000000010707d       0x93 binaries/ttygetc.o
                0x000000000010707d                ttygetc
 .text          0x0000000000107110      0x741 binaries/ttyhandle_in.o
                0x0000000000107110                ttyhandle_in
 .text          0x0000000000107851      0x17b binaries/ttyhandle_out.o
                0x0000000000107851                ttyhandle_out
 .text          0x00000000001079cc       0xb6 binaries/ttyhandler.o
                0x00000000001079cc                ttyhandler
 .text          0x0000000000107a82      0x1e7 binaries/ttyinit.o
                0x0000000000107a82                ttyinit
 .text          0x0000000000107c69       0x10 binaries/ttykickout.o
                0x0000000000107c69                ttykickout
 .text          0x0000000000107c79       0xb2 binaries/ttyputc.o
                0x0000000000107c79                ttyputc
 .text          0x0000000000107d2b      0x10f binaries/ttyread.o
                0x0000000000107d2b                ttyread
 .text          0x0000000000107e3a       0x4f binaries/ttywrite.o
                0x0000000000107e3a                ttywrite
 .text          0x0000000000107e89      0x149 binaries/mount.o
                0x0000000000107e89                mount
                0x0000000000107f9c                namlen
 .text          0x0000000000107fd2      0x20d binaries/naminit.o
                0x0000000000107fd2                naminit
 .text          0x00000000001081df      0x216 binaries/nammap.o
                0x00000000001081df                nammap
                0x0000000000108270                namrepl
                0x00000000001083a5                namcpy
 .text          0x00000000001083f5       0x55 binaries/namopen.o
                0x00000000001083f5                namopen
 .text          0x000000000010844a       0x95 binaries/ethcontrol.o
                0x000000000010844a                ethcontrol
 .text          0x00000000001084df      0x181 binaries/ethhandler.o
                0x00000000001084df                ethhandler
 .text          0x0000000000108660      0x74d binaries/ethinit.o
                0x0000000000108660                eth_phy_read
                0x00000000001086ca                eth_phy_write
                0x000000000010873e                eth_phy_reset
                0x00000000001088a6                ethinit
 .text          0x0000000000108dad      0x199 binaries/ethmcast.o
                0x0000000000108dad                ethmcast_add
                0x0000000000108e2f                ethmcast_remove
 .text          0x0000000000108f46      0x199 binaries/ethread.o
                0x0000000000108f46                ethread
 .text          0x00000000001090df       0xef binaries/ethwrite.o
                0x00000000001090df                ethwrite
 .text          0x00000000001091ce       0x96 binaries/rdsbufalloc.o
                0x00000000001091ce                rdsbufalloc
 .text          0x0000000000109264       0xcc binaries/rdsclose.o
                0x0000000000109264                rdsclose
 .text          0x0000000000109330      0x2ed binaries/rdscomm.o
                0x0000000000109330                rdscomm
 .text          0x000000000010961d      0x237 binaries/rdscontrol.o
                0x000000000010961d                rdscontrol
 .text          0x0000000000109854      0x1ea binaries/rdsinit.o
                0x0000000000109854                rdsinit
 .text          0x0000000000109a3e      0x1af binaries/rdsopen.o
                0x0000000000109a3e                rdsopen
 .text          0x0000000000109bed      0x46d binaries/rdsprocess.o
                0x0000000000109bed                rdsprocess
 .text          0x000000000010a05a      0x255 binaries/rdsread.o
                0x000000000010a05a                rdsread
 .text          0x000000000010a2af      0x1ee binaries/rdswrite.o
                0x000000000010a2af                rdswrite
 .text          0x000000000010a49d        0xa binaries/ramclose.o
                0x000000000010a49d                ramclose
 .text          0x000000000010a4a7       0x45 binaries/raminit.o
                0x000000000010a4a7                raminit
 .text          0x000000000010a4ec        0xa binaries/ramopen.o
                0x000000000010a4ec                ramopen
 .text          0x000000000010a4f6       0x35 binaries/ramread.o
                0x000000000010a4f6                ramread
 .text          0x000000000010a52b       0x36 binaries/ramwrite.o
                0x000000000010a52b                ramwrite
 .text          0x000000000010a561       0x9e binaries/lfdballoc.o
                0x000000000010a561                lfdballoc
 .text          0x000000000010a5ff       0x62 binaries/lfdbfree.o
                0x000000000010a5ff                lfdbfree
 .text          0x000000000010a661       0xbf binaries/lfflush.o
                0x000000000010a661                lfflush
 .text          0x000000000010a720       0xd8 binaries/lfgetmode.o
                0x000000000010a720                lfgetmode
 .text          0x000000000010a7f8       0x6c binaries/lfiballoc.o
                0x000000000010a7f8                lfiballoc
 .text          0x000000000010a864       0x3b binaries/lfibclear.o
                0x000000000010a864                lfibclear
 .text          0x000000000010a89f       0xae binaries/lfibget.o
                0x000000000010a89f                lfibget
 .text          0x000000000010a94d       0xe0 binaries/lfibput.o
                0x000000000010a94d                lfibput
 .text          0x000000000010aa2d       0x93 binaries/lflclose.o
                0x000000000010aa2d                lflclose
 .text          0x000000000010aac0       0xb5 binaries/lflcontrol.o
                0x000000000010aac0                lflcontrol
 .text          0x000000000010ab75       0xdf binaries/lflgetc.o
                0x000000000010ab75                lflgetc
 .text          0x000000000010ac54       0xfb binaries/lflinit.o
                0x000000000010ac54                lflinit
 .text          0x000000000010ad4f      0x10f binaries/lflputc.o
                0x000000000010ad4f                lflputc
 .text          0x000000000010ae5e       0x6d binaries/lflread.o
                0x000000000010ae5e                lflread
 .text          0x000000000010aecb       0x9c binaries/lflseek.o
                0x000000000010aecb                lflseek
 .text          0x000000000010af67       0x55 binaries/lflwrite.o
                0x000000000010af67                lflwrite
 .text          0x000000000010afbc       0x62 binaries/lfscheck.o
                0x000000000010afbc                lfscheck
 .text          0x000000000010b01e      0x176 binaries/lfsckfmt.o
                0x000000000010b01e                lfsckfmt
 .text          0x000000000010b194      0x1ce binaries/lfscreate.o
                0x000000000010b194                lfscreate
 .text          0x000000000010b362      0x282 binaries/lfsetup.o
                0x000000000010b362                lfsetup
 .text          0x000000000010b5e4       0x55 binaries/lfsinit.o
                0x000000000010b5e4                lfsinit
 .text          0x000000000010b639      0x3a0 binaries/lfsopen.o
                0x000000000010b639                lfsopen
 .text          0x000000000010b9d9      0x161 binaries/lftruncate.o
                0x000000000010b9d9                lftruncate
 .text          0x000000000010bb3a       0x65 binaries/rflclose.o
                0x000000000010bb3a                rflclose
 .text          0x000000000010bb9f       0x38 binaries/rflgetc.o
                0x000000000010bb9f                rflgetc
 .text          0x000000000010bbd7       0x76 binaries/rflinit.o
                0x000000000010bbd7                rflinit
 .text          0x000000000010bc4d       0x39 binaries/rflputc.o
                0x000000000010bc4d                rflputc
 .text          0x000000000010bc86      0x345 binaries/rflread.o
                0x000000000010bc86                rflread
 .text          0x000000000010bfcb       0x68 binaries/rflseek.o
                0x000000000010bfcb                rflseek
 .text          0x000000000010c033      0x336 binaries/rflwrite.o
                0x000000000010c033                rflwrite
 .text          0x000000000010c369      0x1e5 binaries/rfscomm.o
                0x000000000010c369                rfscomm
 .text          0x000000000010c54e      0x273 binaries/rfscontrol.o
                0x000000000010c54e                rfscontrol
 .text          0x000000000010c7c1       0xd8 binaries/rfsgetmode.o
                0x000000000010c7c1                rfsgetmode
 .text          0x000000000010c899       0x7c binaries/rfsinit.o
                0x000000000010c899                rfsinit
 .text          0x000000000010c915      0x128 binaries/rfsndmsg.o
                0x000000000010c915                rfsndmsg
 .text          0x000000000010ca3d      0x28d binaries/rfsopen.o
                0x000000000010ca3d                rfsopen
 .text          0x000000000010ccca      0x855 binaries/arp.o
                0x000000000010ccca                arp_init
                0x000000000010ccfc                arp_resolve
                0x000000000010cfc9                arp_in
                0x000000000010d27b                arp_alloc
                0x000000000010d347                arp_ntoh
                0x000000000010d433                arp_hton
 .text          0x000000000010d51f      0x947 binaries/dhcp.o
                0x000000000010d51f                dhcp_get_opt_val
                0x000000000010d578                dhcp_bld_bootp_msg
                0x000000000010d6a2                dhcp_bld_disc
                0x000000000010d788                dhcp_bld_req
                0x000000000010d905                getlocalip
 .text          0x000000000010de66      0x5e1 binaries/dns.o
                0x000000000010de66                dnslookup
 .text          0x000000000010e447       0xe6 binaries/dot2ip.o
                0x000000000010e447                dot2ip
 .text          0x000000000010e52d      0x468 binaries/hexdump.o
                0x000000000010e52d                hexdump
                0x000000000010e6b0                hexadump
 .text          0x000000000010e995      0x881 binaries/icmp.o
                0x000000000010e995                icmp_init
                0x000000000010e9cb                icmp_in
                0x000000000010eb97                icmp_register
                0x000000000010ec89                icmp_recv
                0x000000000010ee02                icmp_send
                0x000000000010ee97                icmp_mkpkt
                0x000000000010efb2                icmp_release
                0x000000000010f0a2                icmp_cksum
                0x000000000010f12e                icmp_hton
                0x000000000010f1a2                icmp_ntoh
 .text          0x000000000010f216      0x829 binaries/ip.o
                0x000000000010f216                ip_in
                0x000000000010f36e                ip_send
                0x000000000010f4b0                ip_local
                0x000000000010f4f3                ip_out
                0x000000000010f620                ipcksum
                0x000000000010f6a6                ip_ntoh
                0x000000000010f792                ip_hton
                0x000000000010f87e                ipout
                0x000000000010f9a0                ip_enqueue
 .text          0x000000000010fa3f      0x2ed binaries/net.o
                0x000000000010fa3f                net_init
                0x000000000010fb97                netin
                0x000000000010fc43                eth_hton
                0x000000000010fc6d                eth_ntoh
                0x000000000010fc97                getport
 .text          0x000000000010fd2c     0x1539 binaries/pdump.o
                0x000000000010fd2c                pdump
                0x0000000000110b48                pdumph
 .text          0x0000000000111265      0x4fd binaries/tftp.o
                0x0000000000111265                tftp_send1
                0x00000000001113f5                tftpget
 .text          0x0000000000111762      0xb18 binaries/udp.o
                0x0000000000111762                udp_init
                0x0000000000111796                udp_in
                0x00000000001118d1                udp_register
                0x0000000000111a05                udp_recv
                0x0000000000111b8b                udp_recvaddr
                0x0000000000111d29                udp_send
                0x0000000000111f00                udp_sendto
                0x00000000001120a3                udp_release
                0x0000000000112190                udp_ntoh
                0x0000000000112205                udp_hton
 .text          0x000000000011227a      0x12d binaries/addargs.o
                0x000000000011227a                addargs
 .text          0x00000000001123a7      0x2c9 binaries/lexan.o
                0x00000000001123a7                lexan
 .text          0x0000000000112670      0x6d7 binaries/shell.o
                0x0000000000112670                shell
 .text          0x0000000000112d47       0x68 binaries/xsh_argecho.o
                0x0000000000112d47                xsh_argecho
 .text          0x0000000000112daf      0x23a binaries/xsh_arp.o
                0x0000000000112daf                xsh_arp
 .text          0x0000000000112fe9      0x211 binaries/xsh_cat.o
                0x0000000000112fe9                xsh_cat
 .text          0x00000000001131fa       0x51 binaries/xsh_clear.o
                0x00000000001131fa                xsh_clear
 .text          0x000000000011324b      0x2b8 binaries/xsh_date.o
                0x000000000011324b                xsh_date
 .text          0x0000000000113503       0xa3 binaries/xsh_devdump.o
                0x0000000000113503                xsh_devdump
 .text          0x00000000001135a6       0x6c binaries/xsh_echo.o
                0x00000000001135a6                xsh_echo
 .text          0x0000000000113612        0xa binaries/xsh_exit.o
                0x0000000000113612                xsh_exit
 .text          0x000000000011361c      0x356 binaries/xsh_help.o
                0x000000000011361c                xsh_help
 .text          0x0000000000113972      0x20a binaries/xsh_kill.o
                0x0000000000113972                xsh_kill
 .text          0x0000000000113b7c      0x4da binaries/xsh_memdump.o
                0x0000000000113b7c                xsh_memdump
 .text          0x0000000000114056      0x270 binaries/xsh_memstat.o
                0x0000000000114056                xsh_memstat
 .text          0x00000000001142c6      0x58e binaries/xsh_netinfo.o
                0x00000000001142c6                xsh_netinfo
 .text          0x0000000000114854      0x451 binaries/xsh_ping.o
                0x0000000000114854                xsh_ping
 .text          0x0000000000114ca5      0x242 binaries/xsh_ps.o
                0x0000000000114ca5                xsh_ps
 .text          0x0000000000114ee7      0x1e7 binaries/xsh_sleep.o
                0x0000000000114ee7                xsh_sleep
 .text          0x00000000001150ce      0x2a2 binaries/xsh_udpdump.o
                0x00000000001150ce                xsh_udpdump
 .text          0x0000000000115370      0x46c binaries/xsh_udpecho.o
                0x0000000000115370                xsh_udpecho
 .text          0x00000000001157dc      0x28e binaries/xsh_udpserver.o
                0x00000000001157dc                xsh_udpeserver
 .text          0x0000000000115a6a      0x1cd binaries/xsh_uptime.o
                0x0000000000115a6a                xsh_uptime
 .text          0x0000000000115c37       0x20 binaries/addfour.o
                0x0000000000115c37                addfour
 .text          0x0000000000115c57       0x16 binaries/addtwo.o
                0x0000000000115c57                addtwo
 .text          0x0000000000115c6d       0x14 binaries/clkdisp.o
                0x0000000000115c6d                clkdisp
 .text          0x0000000000115c81       0x19 binaries/ctxsw.o
                0x0000000000115c81                ctxsw
 .text          0x0000000000115c9a      0x368 binaries/intr.o
                0x0000000000115c9a                disable
                0x0000000000115ca3                restore
                0x0000000000115cb1                enable
                0x0000000000115cb3                pause
                0x0000000000115cba                halt
                0x0000000000115cbd                spurious_irq7
                0x0000000000115cc2                spurious_irq15
                0x0000000000115cd1                _Xint0
                0x0000000000115cdc                _Xint1
                0x0000000000115ce7                _Xint2
                0x0000000000115cf2                _Xint3
                0x0000000000115cfd                _Xint4
                0x0000000000115d08                _Xint5
                0x0000000000115d13                _Xint6
                0x0000000000115d1e                _Xint7
                0x0000000000115d29                _Xint8
                0x0000000000115d34                _Xint9
                0x0000000000115d3f                _Xint10
                0x0000000000115d4a                _Xint11
                0x0000000000115d58                _Xint12
                0x0000000000115d66                _Xint13
                0x0000000000115d74                _Xint14
                0x0000000000115d82                _Xint15
                0x0000000000115d90                _Xint16
                0x0000000000115d9e                _Xint17
                0x0000000000115dac                _Xint18
                0x0000000000115dba                _Xint19
                0x0000000000115dc8                _Xint20
                0x0000000000115dd6                _Xint21
                0x0000000000115de4                _Xint22
                0x0000000000115df2                _Xint23
                0x0000000000115e00                _Xint24
                0x0000000000115e0e                _Xint25
                0x0000000000115e1c                _Xint26
                0x0000000000115e2a                _Xint27
                0x0000000000115e38                _Xint28
                0x0000000000115e46                _Xint29
                0x0000000000115e54                _Xint30
                0x0000000000115e62                _Xint31
                0x0000000000115e70                _Xint32
                0x0000000000115e7e                _Xint33
                0x0000000000115e8c                _Xint34
                0x0000000000115e9a                _Xint35
                0x0000000000115ea8                _Xint36
                0x0000000000115eb6                _Xint37
                0x0000000000115ec4                _Xint38
                0x0000000000115ed2                _Xint39
                0x0000000000115ee0                _Xint40
                0x0000000000115eee                _Xint41
                0x0000000000115efc                _Xint42
                0x0000000000115f0a                _Xint43
                0x0000000000115f18                _Xint44
                0x0000000000115f26                _Xint45
                0x0000000000115f34                _Xint46
                0x0000000000115f42                defevec
 .text          0x0000000000116002       0x16 binaries/testgreaterfirst.o
                0x0000000000116002                testgreaterfirst
 .text          0x0000000000116018        0xf binaries/ttydispatch.o
                0x0000000000116018                ttydispatch
 .text          0x0000000000116027       0x13 binaries/ethdispatch.o
                0x0000000000116027                ethdispatch
 *(.rodata .rodata.*)
 *fill*         0x000000000011603a        0x2 
 .rodata        0x000000000011603c       0x8e binaries/ascdate.o
 .rodata        0x00000000001160ca       0xae binaries/conf.o
 .rodata        0x0000000000116178       0x1a binaries/create.o
 *fill*         0x0000000000116192        0x2 
 .rodata        0x0000000000116194       0x7f binaries/early_imr.o
 *fill*         0x0000000000116213        0x1 
 .rodata        0x0000000000116214      0x231 binaries/evec.o
 *fill*         0x0000000000116445        0x3 
 .rodata        0x0000000000116448       0x61 binaries/getutime.o
 *fill*         0x00000000001164a9        0x3 
 .rodata        0x00000000001164ac      0x13a binaries/initialize.o
 *fill*         0x00000000001165e6        0x2 
 .rodata        0x00000000001165e8       0x20 binaries/kill.o
 .rodata        0x0000000000116608        0xb binaries/lifetime.o
 .rodata        0x0000000000116613        0x3 binaries/main.o
 *fill*         0x0000000000116616        0x2 
 .rodata        0x0000000000116618       0x3e binaries/meminit.o
 *fill*         0x0000000000116656        0x2 
 .rodata        0x0000000000116658       0x74 binaries/myhellow.o
 .rodata        0x00000000001166cc        0xf binaries/panic.o
 .rodata        0x00000000001166db       0x1d binaries/ptinit.o
 .rodata        0x00000000001166f8       0x25 binaries/ptsend.o
 .rodata        0x000000000011671d       0x22 binaries/quark_pdat.o
 *fill*         0x000000000011673f        0x1 
 .rodata        0x0000000000116740       0xb7 binaries/stacktrace.o
 *fill*         0x00000000001167f7        0x1 
 .rodata        0x00000000001167f8       0x27 binaries/xdone.o
 *fill*         0x000000000011681f        0x1 
 .rodata        0x0000000000116820       0x81 binaries/ctype_.o
                0x0000000000116820                _ctype_
 *fill*         0x00000000001168a1        0x3 
 .rodata        0x00000000001168a4       0xee binaries/doprnt.o
 *fill*         0x0000000000116992        0x2 
 .rodata        0x0000000000116994       0x98 binaries/doscan.o
 .rodata        0x0000000000116a2c       0xae binaries/fdoprnt.o
 *fill*         0x0000000000116ada        0x2 
 .rodata        0x0000000000116adc       0x20 binaries/ttycontrol.o
 .rodata        0x0000000000116afc       0x34 binaries/ttyhandler.o
 .rodata        0x0000000000116b30       0x80 binaries/naminit.o
 .rodata        0x0000000000116bb0       0x46 binaries/ethinit.o
 *fill*         0x0000000000116bf6        0x2 
 .rodata        0x0000000000116bf8       0x2c binaries/rdsbufalloc.o
 .rodata        0x0000000000116c24       0x76 binaries/rdscomm.o
 *fill*         0x0000000000116c9a        0x2 
 .rodata        0x0000000000116c9c       0x48 binaries/rdscontrol.o
 .rodata        0x0000000000116ce4       0x96 binaries/rdsinit.o
 *fill*         0x0000000000116d7a        0x2 
 .rodata        0x0000000000116d7c       0x22 binaries/rdsopen.o
 *fill*         0x0000000000116d9e        0x2 
 .rodata        0x0000000000116da0       0x4d binaries/rdsprocess.o
 .rodata        0x0000000000116ded        0x9 binaries/raminit.o
 *fill*         0x0000000000116df6        0x2 
 .rodata        0x0000000000116df8       0x37 binaries/lfdballoc.o
 .rodata        0x0000000000116e2f       0x14 binaries/lfiballoc.o
 *fill*         0x0000000000116e43        0x1 
 .rodata        0x0000000000116e44       0x23 binaries/lflcontrol.o
 *fill*         0x0000000000116e67        0x1 
 .rodata        0x0000000000116e68      0x11b binaries/lfsckfmt.o
 *fill*         0x0000000000116f83        0x1 
 .rodata        0x0000000000116f84       0x2a binaries/lfsopen.o
 *fill*         0x0000000000116fae        0x2 
 .rodata        0x0000000000116fb0       0x21 binaries/rflread.o
 *fill*         0x0000000000116fd1        0x3 
 .rodata        0x0000000000116fd4       0x21 binaries/rflwrite.o
 *fill*         0x0000000000116ff5        0x3 
 .rodata        0x0000000000116ff8       0x75 binaries/rfscomm.o
 *fill*         0x000000000011706d        0x3 
 .rodata        0x0000000000117070       0x3c binaries/rfscontrol.o
 .rodata        0x00000000001170ac       0x63 binaries/rfsinit.o
 *fill*         0x000000000011710f        0x1 
 .rodata        0x0000000000117110       0x2a binaries/rfsndmsg.o
 *fill*         0x000000000011713a        0x2 
 .rodata        0x000000000011713c       0x22 binaries/rfsopen.o
 *fill*         0x000000000011715e        0x2 
 .rodata        0x0000000000117160       0x3a binaries/arp.o
 *fill*         0x000000000011719a        0x2 
 .rodata        0x000000000011719c       0xcf binaries/dhcp.o
 .rodata        0x000000000011726b       0x1a binaries/dns.o
 *fill*         0x0000000000117285        0x3 
 .rodata        0x0000000000117288       0xc9 binaries/hexdump.o
 *fill*         0x0000000000117351        0x3 
 .rodata        0x0000000000117354       0x29 binaries/icmp.o
 *fill*         0x000000000011737d        0x3 
 .rodata        0x0000000000117380       0x6e binaries/ip.o
 *fill*         0x00000000001173ee        0x2 
 .rodata        0x00000000001173f0       0x4f binaries/net.o
 *fill*         0x000000000011743f        0x1 
 .rodata        0x0000000000117440      0x26f binaries/pdump.o
 *fill*         0x00000000001176af        0x1 
 .rodata        0x00000000001176b0      0x10c binaries/tftp.o
 *fill*         0x00000000001177bc        0x4 
 .rodata        0x00000000001177c0      0x3c1 binaries/shell.o
                0x0000000000117840                cmdtab
 .rodata        0x0000000000117b81       0x28 binaries/xsh_argecho.o
 *fill*         0x0000000000117ba9        0x3 
 .rodata        0x0000000000117bac      0x123 binaries/xsh_arp.o
 *fill*         0x0000000000117ccf        0x1 
 .rodata        0x0000000000117cd0       0xc9 binaries/xsh_cat.o
 .rodata        0x0000000000117d99       0x19 binaries/xsh_clear.o
 *fill*         0x0000000000117db2        0x2 
 .rodata        0x0000000000117db4      0x1c3 binaries/xsh_date.o
 .rodata        0x0000000000117f77       0x5d binaries/xsh_devdump.o
 .rodata        0x0000000000117fd4        0x9 binaries/xsh_echo.o
 *fill*         0x0000000000117fdd        0x3 
 .rodata        0x0000000000117fe0      0x169 binaries/xsh_help.o
 *fill*         0x0000000000118149        0x3 
 .rodata        0x000000000011814c      0x12e binaries/xsh_kill.o
 *fill*         0x000000000011827a        0x2 
 .rodata        0x000000000011827c      0x266 binaries/xsh_memdump.o
 *fill*         0x00000000001184e2        0x2 
 .rodata        0x00000000001184e4      0x225 binaries/xsh_memstat.o
 *fill*         0x0000000000118709        0x3 
 .rodata        0x000000000011870c      0x1b0 binaries/xsh_netinfo.o
 .rodata        0x00000000001188bc      0x1a1 binaries/xsh_ping.o
 *fill*         0x0000000000118a5d        0x3 
 .rodata        0x0000000000118a60      0x1e0 binaries/xsh_ps.o
 .rodata        0x0000000000118c40       0xeb binaries/xsh_sleep.o
 *fill*         0x0000000000118d2b        0x1 
 .rodata        0x0000000000118d2c      0x1b8 binaries/xsh_udpdump.o
 .rodata        0x0000000000118ee4      0x215 binaries/xsh_udpecho.o
 *fill*         0x00000000001190f9        0x3 
 .rodata        0x00000000001190fc      0x12b binaries/xsh_udpserver.o
 *fill*         0x0000000000119227        0x1 
 .rodata        0x0000000000119228      0x105 binaries/xsh_uptime.o
                0x000000000011932d                etext = ABSOLUTE (.)
                0x000000000011a000                . = ALIGN (0x1000)
 *fill*         0x000000000011932d      0xcd3 

.eh_frame       0x000000000011a000     0x2ccc
 .eh_frame      0x000000000011a000       0x40 binaries/ascdate.o
 .eh_frame      0x000000000011a040       0x20 binaries/bufinit.o
                                         0x38 (size before relaxing)
 .eh_frame      0x000000000011a060       0x20 binaries/chprio.o
                                         0x38 (size before relaxing)
 .eh_frame      0x000000000011a080       0x20 binaries/clkhandler.o
                                         0x38 (size before relaxing)
 .eh_frame      0x000000000011a0a0       0x20 binaries/clkinit.o
                                         0x38 (size before relaxing)
 .eh_frame      0x000000000011a0c0       0x20 binaries/close.o
                                         0x38 (size before relaxing)
 .eh_frame      0x000000000011a0e0       0x20 binaries/control.o
                                         0x38 (size before relaxing)
 .eh_frame      0x000000000011a100       0xbc binaries/create.o
                                         0xd4 (size before relaxing)
 .eh_frame      0x000000000011a1bc      0x104 binaries/early_imr.o
                                        0x11c (size before relaxing)
 .eh_frame      0x000000000011a2c0       0x80 binaries/evec.o
                                         0x98 (size before relaxing)
 .eh_frame      0x000000000011a340       0x20 binaries/exit.o
                                         0x38 (size before relaxing)
 .eh_frame      0x000000000011a360       0x20 binaries/freebuf.o
                                         0x38 (size before relaxing)
 .eh_frame      0x000000000011a380       0x20 binaries/freemem.o
                                         0x38 (size before relaxing)
 .eh_frame      0x000000000011a3a0       0x20 binaries/getbuf.o
                                         0x38 (size before relaxing)
 .eh_frame      0x000000000011a3c0       0x20 binaries/getc.o
                                         0x38 (size before relaxing)
 .eh_frame      0x000000000011a3e0       0x20 binaries/getdev.o
                                         0x38 (size before relaxing)
 .eh_frame      0x000000000011a400       0x60 binaries/getitem.o
                                         0x78 (size before relaxing)
 .eh_frame      0x000000000011a460       0x20 binaries/getmem.o
                                         0x38 (size before relaxing)
 .eh_frame      0x000000000011a480       0x20 binaries/getpid.o
                                         0x38 (size before relaxing)
 .eh_frame      0x000000000011a4a0       0x20 binaries/getprio.o
                                         0x38 (size before relaxing)
 .eh_frame      0x000000000011a4c0       0x20 binaries/getstk.o
                                         0x38 (size before relaxing)
 .eh_frame      0x000000000011a4e0       0x20 binaries/getticks.o
                                         0x38 (size before relaxing)
 .eh_frame      0x000000000011a500       0x20 binaries/gettime.o
                                         0x38 (size before relaxing)
 .eh_frame      0x000000000011a520       0x20 binaries/getutime.o
                                         0x38 (size before relaxing)
 .eh_frame      0x000000000011a540       0x20 binaries/greaterfirst1.o
                                         0x38 (size before relaxing)
 .eh_frame      0x000000000011a560       0x20 binaries/greaterfirst.o
                                         0x38 (size before relaxing)
 .eh_frame      0x000000000011a580       0x20 binaries/grestaerfirst2.o
                                         0x38 (size before relaxing)
 .eh_frame      0x000000000011a5a0       0x20 binaries/init.o
                                         0x38 (size before relaxing)
 .eh_frame      0x000000000011a5c0       0x9c binaries/initialize.o
                                         0xb4 (size before relaxing)
 .eh_frame      0x000000000011a65c       0x20 binaries/insert.o
                                         0x38 (size before relaxing)
 .eh_frame      0x000000000011a67c       0x20 binaries/insertd.o
                                         0x38 (size before relaxing)
 .eh_frame      0x000000000011a69c       0x20 binaries/ioerr.o
                                         0x38 (size before relaxing)
 .eh_frame      0x000000000011a6bc       0x20 binaries/ionull.o
                                         0x38 (size before relaxing)
 .eh_frame      0x000000000011a6dc       0x20 binaries/kill.o
                                         0x38 (size before relaxing)
 .eh_frame      0x000000000011a6fc       0x60 binaries/kprintf.o
                                         0x78 (size before relaxing)
 .eh_frame      0x000000000011a75c       0x20 binaries/lifetime.o
                                         0x38 (size before relaxing)
 .eh_frame      0x000000000011a77c       0x20 binaries/main.o
                                         0x38 (size before relaxing)
 .eh_frame      0x000000000011a79c       0x40 binaries/mark.o
                                         0x58 (size before relaxing)
 .eh_frame      0x000000000011a7dc       0x48 binaries/meminit.o
                                         0x60 (size before relaxing)
 .eh_frame      0x000000000011a824       0x20 binaries/mkbufpool.o
                                         0x38 (size before relaxing)
 .eh_frame      0x000000000011a844       0x20 binaries/myhellow.o
                                         0x38 (size before relaxing)
 .eh_frame      0x000000000011a864       0x20 binaries/newqueue.o
                                         0x38 (size before relaxing)
 .eh_frame      0x000000000011a884       0x20 binaries/open.o
                                         0x38 (size before relaxing)
 .eh_frame      0x000000000011a8a4       0x1c binaries/panic.o
                                         0x34 (size before relaxing)
 .eh_frame      0x000000000011a8c0      0x1c0 binaries/pci.o
                                        0x1d8 (size before relaxing)
 .eh_frame      0x000000000011aa80       0x60 binaries/platinit.o
                                         0x78 (size before relaxing)
 .eh_frame      0x000000000011aae0       0x20 binaries/ptclear.o
                                         0x38 (size before relaxing)
 .eh_frame      0x000000000011ab00       0x20 binaries/ptcount.o
                                         0x38 (size before relaxing)
 .eh_frame      0x000000000011ab20       0x20 binaries/ptcreate.o
                                         0x38 (size before relaxing)
 .eh_frame      0x000000000011ab40       0x20 binaries/ptdelete.o
                                         0x38 (size before relaxing)
 .eh_frame      0x000000000011ab60       0x20 binaries/ptinit.o
                                         0x38 (size before relaxing)
 .eh_frame      0x000000000011ab80       0x20 binaries/ptrecv.o
                                         0x38 (size before relaxing)
 .eh_frame      0x000000000011aba0       0x20 binaries/ptreset.o
                                         0x38 (size before relaxing)
 .eh_frame      0x000000000011abc0       0x20 binaries/ptsend.o
                                         0x38 (size before relaxing)
 .eh_frame      0x000000000011abe0       0x20 binaries/putc.o
                                         0x38 (size before relaxing)
 .eh_frame      0x000000000011ac00       0x20 binaries/quark_irq.o
                                         0x38 (size before relaxing)
 .eh_frame      0x000000000011ac20       0x40 binaries/quark_pdat.o
                                         0x58 (size before relaxing)
 .eh_frame      0x000000000011ac60       0x40 binaries/queue.o
                                         0x58 (size before relaxing)
 .eh_frame      0x000000000011aca0       0x20 binaries/read.o
                                         0x38 (size before relaxing)
 .eh_frame      0x000000000011acc0       0x24 binaries/ready.o
                                         0x3c (size before relaxing)
 .eh_frame      0x000000000011ace4       0x20 binaries/receive.o
                                         0x38 (size before relaxing)
 .eh_frame      0x000000000011ad04       0x20 binaries/recvclr.o
                                         0x38 (size before relaxing)
 .eh_frame      0x000000000011ad24       0x20 binaries/recvtime.o
                                         0x38 (size before relaxing)
 .eh_frame      0x000000000011ad44       0x40 binaries/resched.o
                                         0x58 (size before relaxing)
 .eh_frame      0x000000000011ad84       0x20 binaries/resume.o
                                         0x38 (size before relaxing)
 .eh_frame      0x000000000011ada4       0x20 binaries/seek.o
                                         0x38 (size before relaxing)
 .eh_frame      0x000000000011adc4       0x20 binaries/semcount.o
                                         0x38 (size before relaxing)
 .eh_frame      0x000000000011ade4       0x40 binaries/semcreate.o
                                         0x58 (size before relaxing)
 .eh_frame      0x000000000011ae24       0x20 binaries/semdelete.o
                                         0x38 (size before relaxing)
 .eh_frame      0x000000000011ae44       0x20 binaries/semreset.o
                                         0x38 (size before relaxing)
 .eh_frame      0x000000000011ae64       0x20 binaries/send.o
                                         0x38 (size before relaxing)
 .eh_frame      0x000000000011ae84       0x20 binaries/signal.o
                                         0x38 (size before relaxing)
 .eh_frame      0x000000000011aea4       0x20 binaries/signaln.o
                                         0x38 (size before relaxing)
 .eh_frame      0x000000000011aec4       0x40 binaries/sleep.o
                                         0x58 (size before relaxing)
 .eh_frame      0x000000000011af04       0x20 binaries/stacktrace.o
                                         0x38 (size before relaxing)
 .eh_frame      0x000000000011af24       0x20 binaries/suspend.o
                                         0x38 (size before relaxing)
 .eh_frame      0x000000000011af44       0x20 binaries/unsleep.o
                                         0x38 (size before relaxing)
 .eh_frame      0x000000000011af64       0x20 binaries/userret.o
                                         0x38 (size before relaxing)
 .eh_frame      0x000000000011af84       0x20 binaries/wait.o
                                         0x38 (size before relaxing)
 .eh_frame      0x000000000011afa4       0x20 binaries/wakeup.o
                                         0x38 (size before relaxing)
 .eh_frame      0x000000000011afc4       0x20 binaries/write.o
                                         0x38 (size before relaxing)
 .eh_frame      0x000000000011afe4       0x20 binaries/xdone.o
                                         0x38 (size before relaxing)
 .eh_frame      0x000000000011b004       0x20 binaries/yield.o
                                         0x38 (size before relaxing)
 .eh_frame      0x000000000011b024       0x20 binaries/abs.o
                                         0x38 (size before relaxing)
 .eh_frame      0x000000000011b044       0x20 binaries/atoi.o
                                         0x38 (size before relaxing)
 .eh_frame      0x000000000011b064       0x20 binaries/atol.o
                                         0x38 (size before relaxing)
 .eh_frame      0x000000000011b084       0x20 binaries/bzero.o
                                         0x38 (size before relaxing)
 .eh_frame      0x000000000011b0a4       0xe4 binaries/doprnt.o
                                         0xfc (size before relaxing)
 .eh_frame      0x000000000011b188       0xb0 binaries/doscan.o
                                         0xc8 (size before relaxing)
 .eh_frame      0x000000000011b238       0xc0 binaries/fdoprnt.o
                                         0xd8 (size before relaxing)
 .eh_frame      0x000000000011b2f8       0x20 binaries/fgetc.o
                                         0x38 (size before relaxing)
 .eh_frame      0x000000000011b318       0x20 binaries/fgets.o
                                         0x38 (size before relaxing)
 .eh_frame      0x000000000011b338       0x20 binaries/fprintf.o
                                         0x38 (size before relaxing)
 .eh_frame      0x000000000011b358       0x20 binaries/fputc.o
                                         0x38 (size before relaxing)
 .eh_frame      0x000000000011b378       0x20 binaries/fputs.o
                                         0x38 (size before relaxing)
 .eh_frame      0x000000000011b398       0x60 binaries/fscanf.o
                                         0x78 (size before relaxing)
 .eh_frame      0x000000000011b3f8       0x20 binaries/getchar.o
                                         0x38 (size before relaxing)
 .eh_frame      0x000000000011b418       0x20 binaries/labs.o
                                         0x38 (size before relaxing)
 .eh_frame      0x000000000011b438       0x20 binaries/memcmp.o
                                         0x38 (size before relaxing)
 .eh_frame      0x000000000011b458       0x24 binaries/memcpy.o
                                         0x3c (size before relaxing)
 .eh_frame      0x000000000011b47c       0x24 binaries/memset.o
                                         0x3c (size before relaxing)
 .eh_frame      0x000000000011b4a0       0x20 binaries/printf.o
                                         0x38 (size before relaxing)
 .eh_frame      0x000000000011b4c0       0x20 binaries/putchar.o
                                         0x38 (size before relaxing)
 .eh_frame      0x000000000011b4e0       0xa8 binaries/qsort.o
                                         0xc0 (size before relaxing)
 .eh_frame      0x000000000011b588       0x60 binaries/rand.o
                                         0x78 (size before relaxing)
 .eh_frame      0x000000000011b5e8       0x40 binaries/sprintf.o
                                         0x58 (size before relaxing)
 .eh_frame      0x000000000011b628       0x60 binaries/sscanf.o
                                         0x78 (size before relaxing)
 .eh_frame      0x000000000011b688       0x20 binaries/strchr.o
                                         0x38 (size before relaxing)
 .eh_frame      0x000000000011b6a8       0x20 binaries/strcmp.o
                                         0x38 (size before relaxing)
 .eh_frame      0x000000000011b6c8       0x20 binaries/strcpy.o
                                         0x38 (size before relaxing)
 .eh_frame      0x000000000011b6e8       0x20 binaries/strlen.o
                                         0x38 (size before relaxing)
 .eh_frame      0x000000000011b708       0x20 binaries/strncat.o
                                         0x38 (size before relaxing)
 .eh_frame      0x000000000011b728       0x20 binaries/strncmp.o
                                         0x38 (size before relaxing)
 .eh_frame      0x000000000011b748       0x28 binaries/strncpy.o
                                         0x40 (size before relaxing)
 .eh_frame      0x000000000011b770       0x20 binaries/strnlen.o
                                         0x38 (size before relaxing)
 .eh_frame      0x000000000011b790       0x20 binaries/strrchr.o
                                         0x38 (size before relaxing)
 .eh_frame      0x000000000011b7b0       0x20 binaries/strstr.o
                                         0x38 (size before relaxing)
 .eh_frame      0x000000000011b7d0       0x20 binaries/ttycontrol.o
                                         0x38 (size before relaxing)
 .eh_frame      0x000000000011b7f0       0x20 binaries/ttygetc.o
                                         0x38 (size before relaxing)
 .eh_frame      0x000000000011b810       0x80 binaries/ttyhandle_in.o
                                         0x98 (size before relaxing)
 .eh_frame      0x000000000011b890       0x20 binaries/ttyhandle_out.o
                                         0x38 (size before relaxing)
 .eh_frame      0x000000000011b8b0       0x20 binaries/ttyhandler.o
                                         0x38 (size before relaxing)
 .eh_frame      0x000000000011b8d0       0x20 binaries/ttyinit.o
                                         0x38 (size before relaxing)
 .eh_frame      0x000000000011b8f0       0x20 binaries/ttykickout.o
                                         0x38 (size before relaxing)
 .eh_frame      0x000000000011b910       0x20 binaries/ttyputc.o
                                         0x38 (size before relaxing)
 .eh_frame      0x000000000011b930       0x28 binaries/ttyread.o
                                         0x40 (size before relaxing)
 .eh_frame      0x000000000011b958       0x20 binaries/ttywrite.o
                                         0x38 (size before relaxing)
 .eh_frame      0x000000000011b978       0x40 binaries/mount.o
                                         0x58 (size before relaxing)
 .eh_frame      0x000000000011b9b8       0x20 binaries/naminit.o
                                         0x38 (size before relaxing)
 .eh_frame      0x000000000011b9d8       0x60 binaries/nammap.o
                                         0x78 (size before relaxing)
 .eh_frame      0x000000000011ba38       0x20 binaries/namopen.o
                                         0x38 (size before relaxing)
 .eh_frame      0x000000000011ba58       0x20 binaries/ethcontrol.o
                                         0x38 (size before relaxing)
 .eh_frame      0x000000000011ba78       0x20 binaries/ethhandler.o
                                         0x38 (size before relaxing)
 .eh_frame      0x000000000011ba98       0xa0 binaries/ethinit.o
                                         0xb8 (size before relaxing)
 .eh_frame      0x000000000011bb38       0x40 binaries/ethmcast.o
                                         0x58 (size before relaxing)
 .eh_frame      0x000000000011bb78       0x20 binaries/ethread.o
                                         0x38 (size before relaxing)
 .eh_frame      0x000000000011bb98       0x20 binaries/ethwrite.o
                                         0x38 (size before relaxing)
 .eh_frame      0x000000000011bbb8       0x20 binaries/rdsbufalloc.o
                                         0x38 (size before relaxing)
 .eh_frame      0x000000000011bbd8       0x20 binaries/rdsclose.o
                                         0x38 (size before relaxing)
 .eh_frame      0x000000000011bbf8       0x20 binaries/rdscomm.o
                                         0x38 (size before relaxing)
 .eh_frame      0x000000000011bc18       0x20 binaries/rdscontrol.o
                                         0x38 (size before relaxing)
 .eh_frame      0x000000000011bc38       0x20 binaries/rdsinit.o
                                         0x38 (size before relaxing)
 .eh_frame      0x000000000011bc58       0x20 binaries/rdsopen.o
                                         0x38 (size before relaxing)
 .eh_frame      0x000000000011bc78       0x1c binaries/rdsprocess.o
                                         0x34 (size before relaxing)
 .eh_frame      0x000000000011bc94       0x20 binaries/rdsread.o
                                         0x38 (size before relaxing)
 .eh_frame      0x000000000011bcb4       0x20 binaries/rdswrite.o
                                         0x38 (size before relaxing)
 .eh_frame      0x000000000011bcd4       0x20 binaries/ramclose.o
                                         0x38 (size before relaxing)
 .eh_frame      0x000000000011bcf4       0x20 binaries/raminit.o
                                         0x38 (size before relaxing)
 .eh_frame      0x000000000011bd14       0x20 binaries/ramopen.o
                                         0x38 (size before relaxing)
 .eh_frame      0x000000000011bd34       0x20 binaries/ramread.o
                                         0x38 (size before relaxing)
 .eh_frame      0x000000000011bd54       0x20 binaries/ramwrite.o
                                         0x38 (size before relaxing)
 .eh_frame      0x000000000011bd74       0x20 binaries/lfdballoc.o
                                         0x38 (size before relaxing)
 .eh_frame      0x000000000011bd94       0x20 binaries/lfdbfree.o
                                         0x38 (size before relaxing)
 .eh_frame      0x000000000011bdb4       0x20 binaries/lfflush.o
                                         0x38 (size before relaxing)
 .eh_frame      0x000000000011bdd4       0x20 binaries/lfgetmode.o
                                         0x38 (size before relaxing)
 .eh_frame      0x000000000011bdf4       0x20 binaries/lfiballoc.o
                                         0x38 (size before relaxing)
 .eh_frame      0x000000000011be14       0x20 binaries/lfibclear.o
                                         0x38 (size before relaxing)
 .eh_frame      0x000000000011be34       0x20 binaries/lfibget.o
                                         0x38 (size before relaxing)
 .eh_frame      0x000000000011be54       0x20 binaries/lfibput.o
                                         0x38 (size before relaxing)
 .eh_frame      0x000000000011be74       0x20 binaries/lflclose.o
                                         0x38 (size before relaxing)
 .eh_frame      0x000000000011be94       0x20 binaries/lflcontrol.o
                                         0x38 (size before relaxing)
 .eh_frame      0x000000000011beb4       0x20 binaries/lflgetc.o
                                         0x38 (size before relaxing)
 .eh_frame      0x000000000011bed4       0x20 binaries/lflinit.o
                                         0x38 (size before relaxing)
 .eh_frame      0x000000000011bef4       0x20 binaries/lflputc.o
                                         0x38 (size before relaxing)
 .eh_frame      0x000000000011bf14       0x20 binaries/lflread.o
                                         0x38 (size before relaxing)
 .eh_frame      0x000000000011bf34       0x20 binaries/lflseek.o
                                         0x38 (size before relaxing)
 .eh_frame      0x000000000011bf54       0x20 binaries/lflwrite.o
                                         0x38 (size before relaxing)
 .eh_frame      0x000000000011bf74       0x20 binaries/lfscheck.o
                                         0x38 (size before relaxing)
 .eh_frame      0x000000000011bf94       0x20 binaries/lfsckfmt.o
                                         0x38 (size before relaxing)
 .eh_frame      0x000000000011bfb4       0x20 binaries/lfscreate.o
                                         0x38 (size before relaxing)
 .eh_frame      0x000000000011bfd4       0x20 binaries/lfsetup.o
                                         0x38 (size before relaxing)
 .eh_frame      0x000000000011bff4       0x20 binaries/lfsinit.o
                                         0x38 (size before relaxing)
 .eh_frame      0x000000000011c014       0x20 binaries/lfsopen.o
                                         0x38 (size before relaxing)
 .eh_frame      0x000000000011c034       0x20 binaries/lftruncate.o
                                         0x38 (size before relaxing)
 .eh_frame      0x000000000011c054       0x20 binaries/rflclose.o
                                         0x38 (size before relaxing)
 .eh_frame      0x000000000011c074       0x20 binaries/rflgetc.o
                                         0x38 (size before relaxing)
 .eh_frame      0x000000000011c094       0x20 binaries/rflinit.o
                                         0x38 (size before relaxing)
 .eh_frame      0x000000000011c0b4       0x20 binaries/rflputc.o
                                         0x38 (size before relaxing)
 .eh_frame      0x000000000011c0d4       0x20 binaries/rflread.o
                                         0x38 (size before relaxing)
 .eh_frame      0x000000000011c0f4       0x20 binaries/rflseek.o
                                         0x38 (size before relaxing)
 .eh_frame      0x000000000011c114       0x20 binaries/rflwrite.o
                                         0x38 (size before relaxing)
 .eh_frame      0x000000000011c134       0x20 binaries/rfscomm.o
                                         0x38 (size before relaxing)
 .eh_frame      0x000000000011c154       0x20 binaries/rfscontrol.o
                                         0x38 (size before relaxing)
 .eh_frame      0x000000000011c174       0x20 binaries/rfsgetmode.o
                                         0x38 (size before relaxing)
 .eh_frame      0x000000000011c194       0x20 binaries/rfsinit.o
                                         0x38 (size before relaxing)
 .eh_frame      0x000000000011c1b4       0x20 binaries/rfsndmsg.o
                                         0x38 (size before relaxing)
 .eh_frame      0x000000000011c1d4       0x20 binaries/rfsopen.o
                                         0x38 (size before relaxing)
 .eh_frame      0x000000000011c1f4       0xc0 binaries/arp.o
                                         0xd8 (size before relaxing)
 .eh_frame      0x000000000011c2b4       0xa0 binaries/dhcp.o
                                         0xb8 (size before relaxing)
 .eh_frame      0x000000000011c354       0x80 binaries/dns.o
                                         0x98 (size before relaxing)
 .eh_frame      0x000000000011c3d4       0x20 binaries/dot2ip.o
                                         0x38 (size before relaxing)
 .eh_frame      0x000000000011c3f4       0x40 binaries/hexdump.o
                                         0x58 (size before relaxing)
 .eh_frame      0x000000000011c434      0x150 binaries/icmp.o
                                        0x168 (size before relaxing)
 .eh_frame      0x000000000011c584      0x11c binaries/ip.o
                                        0x134 (size before relaxing)
 .eh_frame      0x000000000011c6a0       0xa0 binaries/net.o
                                         0xb8 (size before relaxing)
 .eh_frame      0x000000000011c740       0x60 binaries/pdump.o
                                         0x78 (size before relaxing)
 .eh_frame      0x000000000011c7a0       0x4c binaries/tftp.o
                                         0x64 (size before relaxing)
 .eh_frame      0x000000000011c7ec      0x140 binaries/udp.o
                                        0x158 (size before relaxing)
 .eh_frame      0x000000000011c92c       0x20 binaries/addargs.o
                                         0x38 (size before relaxing)
 .eh_frame      0x000000000011c94c       0x20 binaries/lexan.o
                                         0x38 (size before relaxing)
 .eh_frame      0x000000000011c96c       0x20 binaries/shell.o
                                         0x38 (size before relaxing)
 .eh_frame      0x000000000011c98c       0x20 binaries/xsh_argecho.o
                                         0x38 (size before relaxing)
 .eh_frame      0x000000000011c9ac       0x40 binaries/xsh_arp.o
                                         0x58 (size before relaxing)
 .eh_frame      0x000000000011c9ec       0x20 binaries/xsh_cat.o
                                         0x38 (size before relaxing)
 .eh_frame      0x000000000011ca0c       0x20 binaries/xsh_clear.o
                                         0x38 (size before relaxing)
 .eh_frame      0x000000000011ca2c       0x20 binaries/xsh_date.o
                                         0x38 (size before relaxing)
 .eh_frame      0x000000000011ca4c       0x20 binaries/xsh_devdump.o
                                         0x38 (size before relaxing)
 .eh_frame      0x000000000011ca6c       0x20 binaries/xsh_echo.o
                                         0x38 (size before relaxing)
 .eh_frame      0x000000000011ca8c       0x20 binaries/xsh_exit.o
                                         0x38 (size before relaxing)
 .eh_frame      0x000000000011caac       0x28 binaries/xsh_help.o
                                         0x40 (size before relaxing)
 .eh_frame      0x000000000011cad4       0x20 binaries/xsh_kill.o
                                         0x38 (size before relaxing)
 .eh_frame      0x000000000011caf4       0x40 binaries/xsh_memdump.o
                                         0x58 (size before relaxing)
 .eh_frame      0x000000000011cb34       0x60 binaries/xsh_memstat.o
                                         0x78 (size before relaxing)
 .eh_frame      0x000000000011cb94       0x30 binaries/xsh_netinfo.o
                                         0x48 (size before relaxing)
 .eh_frame      0x000000000011cbc4       0x28 binaries/xsh_ping.o
                                         0x40 (size before relaxing)
 .eh_frame      0x000000000011cbec       0x30 binaries/xsh_ps.o
                                         0x48 (size before relaxing)
 .eh_frame      0x000000000011cc1c       0x20 binaries/xsh_sleep.o
                                         0x38 (size before relaxing)
 .eh_frame      0x000000000011cc3c       0x20 binaries/xsh_udpdump.o
                                         0x38 (size before relaxing)
 .eh_frame      0x000000000011cc5c       0x30 binaries/xsh_udpecho.o
                                         0x48 (size before relaxing)
 .eh_frame      0x000000000011cc8c       0x20 binaries/xsh_udpserver.o
                                         0x38 (size before relaxing)
 .eh_frame      0x000000000011ccac       0x20 binaries/xsh_uptime.o
                                         0x38 (size before relaxing)

.iplt           0x000000000011cccc        0x0
 .iplt          0x000000000011cccc        0x0 binaries/start.o

.rel.dyn        0x000000000011cccc        0x0
 .rel.got       0x000000000011cccc        0x0 binaries/start.o
 .rel.iplt      0x000000000011cccc        0x0 binaries/start.o
 .rel.text      0x000000000011cccc        0x0 binaries/start.o

.data           0x000000000011cce0     0x1320
                0x000000000011cce0                data = ABSOLUTE (.)
 *(.data .data.*)
 .data          0x000000000011cce0      0x83a binaries/start.o
                0x000000000011cce0                gdt
                0x000000000011cd10                idt
                0x000000000011d516                cpudelay
 *fill*         0x000000000011d51a        0x6 
 .data          0x000000000011d520       0x88 binaries/ascdate.o
                0x000000000011d520                Date
 .data          0x000000000011d5a8        0x0 binaries/bufinit.o
 .data          0x000000000011d5a8        0x0 binaries/chprio.o
 .data          0x000000000011d5a8        0x8 binaries/clkhandler.o
 .data          0x000000000011d5b0        0x0 binaries/clkinit.o
 .data          0x000000000011d5b0        0x0 binaries/close.o
 *fill*         0x000000000011d5b0       0x10 
 .data          0x000000000011d5c0      0x5a0 binaries/conf.o
                0x000000000011d5c0                devtab
 .data          0x000000000011db60        0x0 binaries/control.o
 .data          0x000000000011db60        0x4 binaries/create.o
 .data          0x000000000011db64        0x0 binaries/early_imr.o
 *fill*         0x000000000011db64       0x1c 
 .data          0x000000000011db80       0x40 binaries/evec.o
                0x000000000011db80                inames
 .data          0x000000000011dbc0        0x0 binaries/exit.o
 .data          0x000000000011dbc0        0x0 binaries/freebuf.o
 .data          0x000000000011dbc0        0x0 binaries/freemem.o
 .data          0x000000000011dbc0        0x0 binaries/getbuf.o
 .data          0x000000000011dbc0        0x0 binaries/getc.o
 .data          0x000000000011dbc0        0x0 binaries/getdev.o
 .data          0x000000000011dbc0        0x0 binaries/getitem.o
 .data          0x000000000011dbc0        0x0 binaries/getmem.o
 .data          0x000000000011dbc0        0x0 binaries/getpid.o
 .data          0x000000000011dbc0        0x0 binaries/getprio.o
 .data          0x000000000011dbc0        0x0 binaries/getstk.o
 .data          0x000000000011dbc0        0x0 binaries/getticks.o
[...]
 .comment       0x0000000000000023       0x24 binaries/addargs.o
 .comment       0x0000000000000023       0x24 binaries/lexan.o
 .comment       0x0000000000000023       0x24 binaries/shell.o
 .comment       0x0000000000000023       0x24 binaries/xsh_argecho.o
 .comment       0x0000000000000023       0x24 binaries/xsh_arp.o
 .comment       0x0000000000000023       0x24 binaries/xsh_cat.o
 .comment       0x0000000000000023       0x24 binaries/xsh_clear.o
 .comment       0x0000000000000023       0x24 binaries/xsh_date.o
 .comment       0x0000000000000023       0x24 binaries/xsh_devdump.o
 .comment       0x0000000000000023       0x24 binaries/xsh_echo.o
 .comment       0x0000000000000023       0x24 binaries/xsh_exit.o
 .comment       0x0000000000000023       0x24 binaries/xsh_help.o
 .comment       0x0000000000000023       0x24 binaries/xsh_kill.o
 .comment       0x0000000000000023       0x24 binaries/xsh_memdump.o
 .comment       0x0000000000000023       0x24 binaries/xsh_memstat.o
 .comment       0x0000000000000023       0x24 binaries/xsh_netinfo.o
 .comment       0x0000000000000023       0x24 binaries/xsh_ping.o
 .comment       0x0000000000000023       0x24 binaries/xsh_ps.o
 .comment       0x0000000000000023       0x24 binaries/xsh_sleep.o
 .comment       0x0000000000000023       0x24 binaries/xsh_udpdump.o
 .comment       0x0000000000000023       0x24 binaries/xsh_udpecho.o
 .comment       0x0000000000000023       0x24 binaries/xsh_udpserver.o
 .comment       0x0000000000000023       0x24 binaries/xsh_uptime.o

.note.GNU-stack
                0x0000000000000000        0x0
 .note.GNU-stack
                0x0000000000000000        0x0 binaries/ascdate.o
 .note.GNU-stack
                0x0000000000000000        0x0 binaries/bufinit.o
 .note.GNU-stack
                0x0000000000000000        0x0 binaries/chprio.o
 .note.GNU-stack
                0x0000000000000000        0x0 binaries/clkhandler.o
 .note.GNU-stack
                0x0000000000000000        0x0 binaries/clkinit.o
 .note.GNU-stack
                0x0000000000000000        0x0 binaries/close.o
 .note.GNU-stack
                0x0000000000000000        0x0 binaries/conf.o
 .note.GNU-stack
                0x0000000000000000        0x0 binaries/control.o
 .note.GNU-stack
                0x0000000000000000        0x0 binaries/create.o
 .note.GNU-stack
                0x0000000000000000        0x0 binaries/early_imr.o
 .note.GNU-stack
                0x0000000000000000        0x0 binaries/evec.o
 .note.GNU-stack
                0x0000000000000000        0x0 binaries/exit.o
 .note.GNU-stack
                0x0000000000000000        0x0 binaries/freebuf.o
 .note.GNU-stack
                0x0000000000000000        0x0 binaries/freemem.o
 .note.GNU-stack
                0x0000000000000000        0x0 binaries/getbuf.o
 .note.GNU-stack
                0x0000000000000000        0x0 binaries/getc.o
 .note.GNU-stack
                0x0000000000000000        0x0 binaries/getdev.o
 .note.GNU-stack
                0x0000000000000000        0x0 binaries/getitem.o
 .note.GNU-stack
                0x0000000000000000        0x0 binaries/getmem.o
 .note.GNU-stack
                0x0000000000000000        0x0 binaries/getpid.o
 .note.GNU-stack
                0x0000000000000000        0x0 binaries/getprio.o
 .note.GNU-stack
                0x0000000000000000        0x0 binaries/getstk.o
 .note.GNU-stack
                0x0000000000000000        0x0 binaries/getticks.o
 .note.GNU-stack
                0x0000000000000000        0x0 binaries/gettime.o
 .note.GNU-stack
                0x0000000000000000        0x0 binaries/getutime.o
 .note.GNU-stack
                0x0000000000000000        0x0 binaries/greaterfirst1.o
 .note.GNU-stack
                0x0000000000000000        0x0 binaries/greaterfirst.o
 .note.GNU-stack
                0x0000000000000000        0x0 binaries/grestaerfirst2.o
 .note.GNU-stack
                0x0000000000000000        0x0 binaries/init.o
 .note.GNU-stack
                0x0000000000000000        0x0 binaries/initialize.o
 .note.GNU-stack
                0x0000000000000000        0x0 binaries/insert.o
 .note.GNU-stack
                0x0000000000000000        0x0 binaries/insertd.o
 .note.GNU-stack
                0x0000000000000000        0x0 binaries/ioerr.o
 .note.GNU-stack
                0x0000000000000000        0x0 binaries/ionull.o
 .note.GNU-stack
                0x0000000000000000        0x0 binaries/kill.o
 .note.GNU-stack
                0x0000000000000000        0x0 binaries/kprintf.o
 .note.GNU-stack
                0x0000000000000000        0x0 binaries/lifetime.o
 .note.GNU-stack
                0x0000000000000000        0x0 binaries/main.o
 .note.GNU-stack
                0x0000000000000000        0x0 binaries/mark.o
 .note.GNU-stack
                0x0000000000000000        0x0 binaries/meminit.o
 .note.GNU-stack
                0x0000000000000000        0x0 binaries/mkbufpool.o
 .note.GNU-stack
                0x0000000000000000        0x0 binaries/myhellow.o
 .note.GNU-stack
                0x0000000000000000        0x0 binaries/newqueue.o
 .note.GNU-stack
                0x0000000000000000        0x0 binaries/open.o
 .note.GNU-stack
                0x0000000000000000        0x0 binaries/panic.o
 .note.GNU-stack
                0x0000000000000000        0x0 binaries/pci.o
 .note.GNU-stack
                0x0000000000000000        0x0 binaries/platinit.o
 .note.GNU-stack
                0x0000000000000000        0x0 binaries/ptclear.o
 .note.GNU-stack
                0x0000000000000000        0x0 binaries/ptcount.o
 .note.GNU-stack
                0x0000000000000000        0x0 binaries/ptcreate.o
 .note.GNU-stack
                0x0000000000000000        0x0 binaries/ptdelete.o
 .note.GNU-stack
                0x0000000000000000        0x0 binaries/ptinit.o
 .note.GNU-stack
                0x0000000000000000        0x0 binaries/ptrecv.o
 .note.GNU-stack
                0x0000000000000000        0x0 binaries/ptreset.o
 .note.GNU-stack
                0x0000000000000000        0x0 binaries/ptsend.o
 .note.GNU-stack
                0x0000000000000000        0x0 binaries/putc.o
 .note.GNU-stack
                0x0000000000000000        0x0 binaries/quark_irq.o
 .note.GNU-stack
                0x0000000000000000        0x0 binaries/quark_pdat.o
 .note.GNU-stack
                0x0000000000000000        0x0 binaries/queue.o
 .note.GNU-stack
                0x0000000000000000        0x0 binaries/read.o
 .note.GNU-stack
                0x0000000000000000        0x0 binaries/ready.o
 .note.GNU-stack
                0x0000000000000000        0x0 binaries/receive.o
 .note.GNU-stack
                0x0000000000000000        0x0 binaries/recvclr.o
 .note.GNU-stack
                0x0000000000000000        0x0 binaries/recvtime.o
 .note.GNU-stack
                0x0000000000000000        0x0 binaries/resched.o
 .note.GNU-stack
                0x0000000000000000        0x0 binaries/resume.o
 .note.GNU-stack
                0x0000000000000000        0x0 binaries/seek.o
 .note.GNU-stack
                0x0000000000000000        0x0 binaries/semcount.o
 .note.GNU-stack
                0x0000000000000000        0x0 binaries/semcreate.o
 .note.GNU-stack
                0x0000000000000000        0x0 binaries/semdelete.o
 .note.GNU-stack
                0x0000000000000000        0x0 binaries/semreset.o
 .note.GNU-stack
                0x0000000000000000        0x0 binaries/send.o
 .note.GNU-stack
                0x0000000000000000        0x0 binaries/signal.o
 .note.GNU-stack
                0x0000000000000000        0x0 binaries/signaln.o
 .note.GNU-stack
                0x0000000000000000        0x0 binaries/sleep.o
 .note.GNU-stack
                0x0000000000000000        0x0 binaries/stacktrace.o
 .note.GNU-stack
                0x0000000000000000        0x0 binaries/suspend.o
 .note.GNU-stack
                0x0000000000000000        0x0 binaries/unsleep.o
 .note.GNU-stack
                0x0000000000000000        0x0 binaries/userret.o
 .note.GNU-stack
                0x0000000000000000        0x0 binaries/wait.o
 .note.GNU-stack
                0x0000000000000000        0x0 binaries/wakeup.o
 .note.GNU-stack
                0x0000000000000000        0x0 binaries/write.o
 .note.GNU-stack
                0x0000000000000000        0x0 binaries/xdone.o
 .note.GNU-stack
                0x0000000000000000        0x0 binaries/yield.o
 .note.GNU-stack
                0x0000000000000000        0x0 binaries/abs.o
 .note.GNU-stack
                0x0000000000000000        0x0 binaries/atoi.o
 .note.GNU-stack
                0x0000000000000000        0x0 binaries/atol.o
 .note.GNU-stack
                0x0000000000000000        0x0 binaries/bzero.o
 .note.GNU-stack
                0x0000000000000000        0x0 binaries/ctype_.o
 .note.GNU-stack
                0x0000000000000000        0x0 binaries/doprnt.o
 .note.GNU-stack
                0x0000000000000000        0x0 binaries/doscan.o
 .note.GNU-stack
                0x0000000000000000        0x0 binaries/fdoprnt.o
 .note.GNU-stack
                0x0000000000000000        0x0 binaries/fgetc.o
 .note.GNU-stack
                0x0000000000000000        0x0 binaries/fgets.o
 .note.GNU-stack
                0x0000000000000000        0x0 binaries/fprintf.o
 .note.GNU-stack
                0x0000000000000000        0x0 binaries/fputc.o
 .note.GNU-stack
                0x0000000000000000        0x0 binaries/fputs.o
 .note.GNU-stack
                0x0000000000000000        0x0 binaries/fscanf.o
 .note.GNU-stack
                0x0000000000000000        0x0 binaries/getchar.o
 .note.GNU-stack
                0x0000000000000000        0x0 binaries/labs.o
 .note.GNU-stack
                0x0000000000000000        0x0 binaries/memchr.o
 .note.GNU-stack
                0x0000000000000000        0x0 binaries/memcmp.o
 .note.GNU-stack
                0x0000000000000000        0x0 binaries/memcpy.o
 .note.GNU-stack
                0x0000000000000000        0x0 binaries/memset.o
 .note.GNU-stack
                0x0000000000000000        0x0 binaries/printf.o
 .note.GNU-stack
                0x0000000000000000        0x0 binaries/putchar.o
 .note.GNU-stack
                0x0000000000000000        0x0 binaries/qsort.o
 .note.GNU-stack
                0x0000000000000000        0x0 binaries/rand.o
 .note.GNU-stack
                0x0000000000000000        0x0 binaries/sprintf.o
 .note.GNU-stack
                0x0000000000000000        0x0 binaries/sscanf.o
 .note.GNU-stack
                0x0000000000000000        0x0 binaries/strchr.o
 .note.GNU-stack
                0x0000000000000000        0x0 binaries/strcmp.o
 .note.GNU-stack
                0x0000000000000000        0x0 binaries/strcpy.o
 .note.GNU-stack
                0x0000000000000000        0x0 binaries/strlen.o
 .note.GNU-stack
                0x0000000000000000        0x0 binaries/strncat.o
 .note.GNU-stack
                0x0000000000000000        0x0 binaries/strncmp.o
 .note.GNU-stack
                0x0000000000000000        0x0 binaries/strncpy.o
 .note.GNU-stack
                0x0000000000000000        0x0 binaries/strnlen.o
 .note.GNU-stack
                0x0000000000000000        0x0 binaries/strrchr.o
 .note.GNU-stack
                0x0000000000000000        0x0 binaries/strstr.o
 .note.GNU-stack
                0x0000000000000000        0x0 binaries/ttycontrol.o
 .note.GNU-stack
                0x0000000000000000        0x0 binaries/ttygetc.o
 .note.GNU-stack
                0x0000000000000000        0x0 binaries/ttyhandle_in.o
 .note.GNU-stack
                0x0000000000000000        0x0 binaries/ttyhandle_out.o
 .note.GNU-stack
                0x0000000000000000        0x0 binaries/ttyhandler.o
 .note.GNU-stack
                0x0000000000000000        0x0 binaries/ttyinit.o
 .note.GNU-stack
                0x0000000000000000        0x0 binaries/ttykickout.o
 .note.GNU-stack
                0x0000000000000000        0x0 binaries/ttyputc.o
 .note.GNU-stack
                0x0000000000000000        0x0 binaries/ttyread.o
 .note.GNU-stack
                0x0000000000000000        0x0 binaries/ttywrite.o
 .note.GNU-stack
                0x0000000000000000        0x0 binaries/mount.o
 .note.GNU-stack
                0x0000000000000000        0x0 binaries/naminit.o
 .note.GNU-stack
                0x0000000000000000        0x0 binaries/nammap.o
 .note.GNU-stack
                0x0000000000000000        0x0 binaries/namopen.o
 .note.GNU-stack
                0x0000000000000000        0x0 binaries/ethcontrol.o
 .note.GNU-stack
                0x0000000000000000        0x0 binaries/ethhandler.o
 .note.GNU-stack
                0x0000000000000000        0x0 binaries/ethinit.o
 .note.GNU-stack
                0x0000000000000000        0x0 binaries/ethmcast.o
 .note.GNU-stack
                0x0000000000000000        0x0 binaries/ethread.o
 .note.GNU-stack
                0x0000000000000000        0x0 binaries/ethwrite.o
 .note.GNU-stack
                0x0000000000000000        0x0 binaries/rdsbufalloc.o
 .note.GNU-stack
                0x0000000000000000        0x0 binaries/rdsclose.o
 .note.GNU-stack
                0x0000000000000000        0x0 binaries/rdscomm.o
 .note.GNU-stack
                0x0000000000000000        0x0 binaries/rdscontrol.o
 .note.GNU-stack
                0x0000000000000000        0x0 binaries/rdsinit.o
 .note.GNU-stack
                0x0000000000000000        0x0 binaries/rdsopen.o
 .note.GNU-stack
                0x0000000000000000        0x0 binaries/rdsprocess.o
 .note.GNU-stack
                0x0000000000000000        0x0 binaries/rdsread.o
 .note.GNU-stack
                0x0000000000000000        0x0 binaries/rdswrite.o
 .note.GNU-stack
                0x0000000000000000        0x0 binaries/ramclose.o
 .note.GNU-stack
                0x0000000000000000        0x0 binaries/raminit.o
 .note.GNU-stack
                0x0000000000000000        0x0 binaries/ramopen.o
 .note.GNU-stack
                0x0000000000000000        0x0 binaries/ramread.o
 .note.GNU-stack
                0x0000000000000000        0x0 binaries/ramwrite.o
 .note.GNU-stack
                0x0000000000000000        0x0 binaries/lfdballoc.o
 .note.GNU-stack
                0x0000000000000000        0x0 binaries/lfdbfree.o
 .note.GNU-stack
                0x0000000000000000        0x0 binaries/lfflush.o
 .note.GNU-stack
                0x0000000000000000        0x0 binaries/lfgetmode.o
 .note.GNU-stack
                0x0000000000000000        0x0 binaries/lfiballoc.o
 .note.GNU-stack
                0x0000000000000000        0x0 binaries/lfibclear.o
 .note.GNU-stack
                0x0000000000000000        0x0 binaries/lfibget.o
 .note.GNU-stack
                0x0000000000000000        0x0 binaries/lfibput.o
 .note.GNU-stack
                0x0000000000000000        0x0 binaries/lflclose.o
 .note.GNU-stack
                0x0000000000000000        0x0 binaries/lflcontrol.o
 .note.GNU-stack
                0x0000000000000000        0x0 binaries/lflgetc.o
 .note.GNU-stack
                0x0000000000000000        0x0 binaries/lflinit.o
 .note.GNU-stack
                0x0000000000000000        0x0 binaries/lflputc.o
 .note.GNU-stack
                0x0000000000000000        0x0 binaries/lflread.o
 .note.GNU-stack
                0x0000000000000000        0x0 binaries/lflseek.o
 .note.GNU-stack
                0x0000000000000000        0x0 binaries/lflwrite.o
 .note.GNU-stack
                0x0000000000000000        0x0 binaries/lfscheck.o
 .note.GNU-stack
                0x0000000000000000        0x0 binaries/lfsckfmt.o
 .note.GNU-stack
                0x0000000000000000        0x0 binaries/lfscreate.o
 .note.GNU-stack
                0x0000000000000000        0x0 binaries/lfsetup.o
 .note.GNU-stack
                0x0000000000000000        0x0 binaries/lfsinit.o
 .note.GNU-stack
                0x0000000000000000        0x0 binaries/lfsopen.o
 .note.GNU-stack
                0x0000000000000000        0x0 binaries/lftruncate.o
 .note.GNU-stack
                0x0000000000000000        0x0 binaries/rflclose.o
 .note.GNU-stack
                0x0000000000000000        0x0 binaries/rflgetc.o
 .note.GNU-stack
                0x0000000000000000        0x0 binaries/rflinit.o
 .note.GNU-stack
                0x0000000000000000        0x0 binaries/rflputc.o
 .note.GNU-stack
                0x0000000000000000        0x0 binaries/rflread.o
 .note.GNU-stack
                0x0000000000000000        0x0 binaries/rflseek.o
 .note.GNU-stack
                0x0000000000000000        0x0 binaries/rflwrite.o
 .note.GNU-stack
                0x0000000000000000        0x0 binaries/rfscomm.o
 .note.GNU-stack
                0x0000000000000000        0x0 binaries/rfscontrol.o
 .note.GNU-stack
                0x0000000000000000        0x0 binaries/rfsgetmode.o
 .note.GNU-stack
                0x0000000000000000        0x0 binaries/rfsinit.o
 .note.GNU-stack
                0x0000000000000000        0x0 binaries/rfsndmsg.o
 .note.GNU-stack
                0x0000000000000000        0x0 binaries/rfsopen.o
 .note.GNU-stack
                0x0000000000000000        0x0 binaries/arp.o
 .note.GNU-stack
                0x0000000000000000        0x0 binaries/dhcp.o
 .note.GNU-stack
                0x0000000000000000        0x0 binaries/dns.o
 .note.GNU-stack
                0x0000000000000000        0x0 binaries/dot2ip.o
 .note.GNU-stack
                0x0000000000000000        0x0 binaries/hexdump.o
 .note.GNU-stack
                0x0000000000000000        0x0 binaries/icmp.o
 .note.GNU-stack
                0x0000000000000000        0x0 binaries/ip.o
 .note.GNU-stack
                0x0000000000000000        0x0 binaries/net.o
 .note.GNU-stack
                0x0000000000000000        0x0 binaries/pdump.o
 .note.GNU-stack
                0x0000000000000000        0x0 binaries/tftp.o
 .note.GNU-stack
                0x0000000000000000        0x0 binaries/udp.o
 .note.GNU-stack
                0x0000000000000000        0x0 binaries/addargs.o
 .note.GNU-stack
                0x0000000000000000        0x0 binaries/lexan.o
 .note.GNU-stack
                0x0000000000000000        0x0 binaries/shell.o
 .note.GNU-stack
                0x0000000000000000        0x0 binaries/xsh_argecho.o
 .note.GNU-stack
                0x0000000000000000        0x0 binaries/xsh_arp.o
 .note.GNU-stack
                0x0000000000000000        0x0 binaries/xsh_cat.o
 .note.GNU-stack
                0x0000000000000000        0x0 binaries/xsh_clear.o
 .note.GNU-stack
                0x0000000000000000        0x0 binaries/xsh_date.o
 .note.GNU-stack
                0x0000000000000000        0x0 binaries/xsh_devdump.o
 .note.GNU-stack
                0x0000000000000000        0x0 binaries/xsh_echo.o
 .note.GNU-stack
                0x0000000000000000        0x0 binaries/xsh_exit.o
 .note.GNU-stack
                0x0000000000000000        0x0 binaries/xsh_help.o
 .note.GNU-stack
                0x0000000000000000        0x0 binaries/xsh_kill.o
 .note.GNU-stack
                0x0000000000000000        0x0 binaries/xsh_memdump.o
 .note.GNU-stack
                0x0000000000000000        0x0 binaries/xsh_memstat.o
 .note.GNU-stack
                0x0000000000000000        0x0 binaries/xsh_netinfo.o
 .note.GNU-stack
                0x0000000000000000        0x0 binaries/xsh_ping.o
 .note.GNU-stack
                0x0000000000000000        0x0 binaries/xsh_ps.o
 .note.GNU-stack
                0x0000000000000000        0x0 binaries/xsh_sleep.o
 .note.GNU-stack
                0x0000000000000000        0x0 binaries/xsh_udpdump.o
 .note.GNU-stack
                0x0000000000000000        0x0 binaries/xsh_udpecho.o
 .note.GNU-stack
                0x0000000000000000        0x0 binaries/xsh_udpserver.o
 .note.GNU-stack
                0x0000000000000000        0x0 binaries/xsh_uptime.o
